[wtach.club/en/movie/436270/black-adam.html]
[backblue.gif]
[fade.gif]
[index.html]
[s10.histats.com/js15_as.js]
[sstatic1.histats.com/07131.gif]
[use.fontawesome.com/3db27005e3.js]
[use.fontawesome.com/3db27005e3.css]
[wtach.club/themes/v1/assets/styles.css]
[wtach.club/themes/v1/assets/scripts.js]
[wtach.club/themes/v1/logo.png]
[image.tmdb.org/t/p/w780/uA7PyZMaOKAUQTBBhUoG6BOqTbn.jpg]
[image.tmdb.org/t/p/w300/pFlaoHTZeyNkG83vxsAJiGzfSsa.jpg]
[image.tmdb.org/t/p/w300/40qxr2p2s297Q1mWFJOsRatQPK0.jpg]
[image.tmdb.org/t/p/w300/fGQAO4RgUzspO7L4u5KXirIn34s.jpg]
[image.tmdb.org/t/p/w300/3Qfav5aVRcZmq854olMjJ795JJ2.jpg]
[image.tmdb.org/t/p/w300/doyiGwpxbBs4G2og9G8gV7ZKoih.jpg]
[image.tmdb.org/t/p/w300/3L9lL2eUsmLNNfENPwNOc82Hzpw.jpg]
[image.tmdb.org/t/p/w300/6WBeq4fCfn7AN0o21W9qNcRF2l9.jpg]
[image.tmdb.org/t/p/w300/AbbXspMOwdvwWZgVN0nabZq03Ec.jpg]
[image.tmdb.org/t/p/w300/prSfAi1xGrhLQNxVSUFh61xQ4Qy.jpg]
[image.tmdb.org/t/p/w300/yprv5PbnEksoVj2v6XEnDBg9joR.jpg]
[image.tmdb.org/t/p/w300/gC6s6NKHneSrOKyQZnUMb443RKU.jpg]
[image.tmdb.org/t/p/w300/1wg65q3daTE8rGfaUhBxLdXk6NL.jpg]
[image.tmdb.org/t/p/w300/Adgnfhm9B8YAQmC0osuP4zO9SRc.jpg]
[image.tmdb.org/t/p/w300/3qyCfzwY418lbuFEaKX5rKxKlnJ.jpg]
[image.tmdb.org/t/p/w300/AqCOt1cWfKqCepxK7LIdT812idH.jpg]
[image.tmdb.org/t/p/w300/alcY9jZBgKw9OB7hiPYVNvh03Sb.jpg]
[image.tmdb.org/t/p/w300/cKWIxQh2dMUgjsxJenrf7A81D95.jpg]
[image.tmdb.org/t/p/w300/f3gFb4wLwNGQcpweamVhjNBdJ58.jpg]
[image.tmdb.org/t/p/w300/6n3PQSYpZRK5YPk2w8JEwED7AZk.jpg]
[image.tmdb.org/t/p/w300/aekXSzkn3zry6aummMl7AU4rSa8.jpg]
[image.tmdb.org/t/p/w300/c5cMZqDECWXilLlhoCkbRu4q9Mp.jpg]
[image.tmdb.org/t/p/w300/8gLhu8UFPZfH2Hv11JhTZkb9CVl.jpg]
[image.tmdb.org/t/p/w300/hYqOjJ7Gh1fbqXrxlIao1g8ZehF.jpg]
[image.tmdb.org/t/p/w300/mOpHGETnYr1OgQifBb7xk59N5Il.jpg]
[image.tmdb.org/t/p/w300/lfgmWyWWV3WPJ53jxWUQa3NtJ8f.jpg]
[image.tmdb.org/t/p/w300/iqoNZKyfqUMRKKo0VZOaGyMrF9g.jpg]
[wtach.club/themes/v1/assets/no-poster.png]
[image.tmdb.org/t/p/w300/oyDaF4za9C9GxfYSyZUmj2aZGJT.jpg]
[image.tmdb.org/t/p/w300/rFljUdOozFEv6HDHIFpFvcYW0ec.jpg]
[image.tmdb.org/t/p/w300/yoAKHpveZ4Z1wwwXoD31dXj3H8s.jpg]
[image.tmdb.org/t/p/w300/idT5mnqPcJgSkvpDX7pJffBzdVH.jpg]
[image.tmdb.org/t/p/w300/tgVBMIiJczfBWINRRd9yxE8ESln.jpg]
[image.tmdb.org/t/p/w300/dpeR3ue0Q93Rk8jhE2DzVPMRGIm.jpg]
[image.tmdb.org/t/p/w300/qVVegwPsW6n9unBtLWq1rzOutka.jpg]
[image.tmdb.org/t/p/w300/yo26axYjP5ti9i0ZXgHfnFz86dj.jpg]
[image.tmdb.org/t/p/w300/9wPpY50KgW94Ozy3jwDWYdo0jBu.jpg]
[image.tmdb.org/t/p/w300/AsTlA7dj2ySGY1pzGSD0MoHFhEF.jpg]
[image.tmdb.org/t/p/w300/AeyiuQUUs78bPkz18FY3AzNFF8b.jpg]
[image.tmdb.org/t/p/w300/plJWXM4THCeOIlnCkd02X93cDzX.jpg]
[image.tmdb.org/t/p/w300/kjFDIlUCJkcpFxYKtE6OsGcAfQQ.jpg]
[image.tmdb.org/t/p/w300/ugiL6wIhl1OfPyv1gqLkTe45jLl.jpg]
[image.tmdb.org/t/p/w300/gb6rq2nD0jRrN0dCzigg2MxXNsB.jpg]
[wtach.club/en/movie/436270/black-adam.html]
[use.fontawesome.com/releases/v4.7.0/css/font-awesome-css.min.css]
[use.fontawesome.com/releases/v4.7.0/fonts/fontawesome-webfont.woff2]
[use.fontawesome.com/releases/v4.7.0/fonts/fontawesome-webfont.eot]
[use.fontawesome.com/releases/v4.7.0/fonts/fontawesome-webfontd41d.eot]
[wtach.club/themes/v1/assets/s.js]
[use.fontawesome.com/3db27005e3.css]
[use.fontawesome.com/releases/v4.7.0/fonts/fontawesome-webfont.svg]
[use.fontawesome.com/releases/v4.7.0/fonts/fontawesome-webfont.woff]
[wtach.club/images/vendor/owl.carousel/src/owl.video.play.8eb40e.delayed]
[use.fontawesome.com/releases/v4.7.0/fonts/fontawesome-webfont.ttf]
[wtach.club/themes/v1/assets/styles.css]
[use.fontawesome.com/releases/v4.7.0/css/font-awesome-css.min.css]
[use.fontawesome.com/releases/v4.7.0/fonts/fontawesome-webfont.svg]
[wtach.club/images/vendor/owl.carousel/src/owl.video.playb40e.html]
